env: load .env
env: export EXPO_PUBLIC_SUPABASE_URL EXPO_PUBLIC_SUPABASE_ANON_KEY
Starting project at C:\Users\Devan\Documents\GitHub\ambitions
Metro is running in CI mode, reloads are disabled. Remove CI=true to enable watch mode.
Starting Metro Bundler
Waiting on http://localhost:18083
Logs for your project will appear below.
Web .\index.ts ▓▓▓▓▓▓▓▓░░░░░░░░ 55.6% (722/968)
Web Bundled 2432ms index.ts (1458 modules)
 LOG  [web] Logs will appear in the browser console
Web Bundling failed 181ms node_modules\expo-sqlite\web\worker.ts (1 module)
Unable to resolve "./wa-sqlite/wa-sqlite.wasm" from "node_modules\expo-sqlite\web\worker.ts"
[0m [90m 20 |[39m [36mimport[39m [33mWaSQLiteFactory[39m [36mfrom[39m [32m'./wa-sqlite/wa-sqlite'[39m[33m;[39m
 [90m 21 |[39m [90m// @ts-expect-error wasm module is not typed[39m
[31m[1m>[22m[39m[90m 22 |[39m [36mimport[39m wasmModule [36mfrom[39m [32m'./wa-sqlite/wa-sqlite.wasm'[39m[33m;[39m
 [90m    |[39m                         [31m[1m^[22m[39m
 [90m 23 |[39m [36mimport[39m {
 [90m 24 |[39m   type [33mSQLiteWorkerMessage[39m[33m,[39m
 [90m 25 |[39m   type [33mSQLiteWorkerMessageType[39m[33m,[39m[0m

Import stack:

 node_modules\expo-sqlite\web\worker.ts
 | import "./wa-sqlite/wa-sqlite.wasm"

 
 | import "./node_modules/expo-sqlite/web/worker"

