Native/AmbitionsWidgetExtension/AmbitionsWidgetBundle.swift:5:@main
Native/AmbitionsShareExtension/ShareIntakeView.swift:24:        NavigationStack {
Native/Ambitions/Features/Onboarding/ProgressiveIntelligenceOnboarding.swift:68:        NavigationStack {
Native/Ambitions/Features/Onboarding/ProgressiveIntelligenceOnboarding.swift:70:                TabView(selection: $page) {
Native/Ambitions/Features/You/YouScreen.swift:216:        NavigationStack {
Native/Ambitions/Features/You/YouScreen.swift:3320:    NavigationStack {
Native/AmbitionsTests/App/AppShellChromeTests.swift:46:        XCTAssertTrue(AppMeridianShellChromeState.launchDefault.rollbackLabel.contains("--ambitions-shell=meridian"))
Native/Ambitions/Features/Time/TimeScreen.swift:1977:    NavigationStack {
Native/Ambitions/Features/Time/TimeScreen.swift:1985:    NavigationStack {
Native/AmbitionsTests/App/AppShellNavigationTests.swift:179:        let chrome = AppMeridianShellChromeState.launchDefault
Native/Ambitions/Features/Habits/HabitsScreen.swift:172:    NavigationStack {
Native/Ambitions/Features/Habits/HabitsScreen.swift:181:    NavigationStack {
Native/Ambitions/Features/Habits/HabitsScreen.swift:190:    NavigationStack {
Native/Ambitions/Features/Habits/HabitsScreen.swift:198:    NavigationStack {
Native/Ambitions/Features/Habits/HabitsScreen.swift:206:    NavigationStack {
Native/Ambitions/Features/Today/TodayStepReplacementSheet.swift:615:        NavigationStack {
Native/Ambitions/UI/LaunchGateView.swift:4:struct LaunchGateView: View {
Native/Ambitions/UI/LaunchGateView.swift:13:                AmbitionsRootView(container: container)
Native/Ambitions/App/AppShellView.swift:355:            NavigationStack {
Native/Ambitions/App/AmbitionsRootView.swift:7:struct AmbitionsRootView: View {
Native/Ambitions/App/AmbitionsRootView.swift:36:            shellTabView(theme: resolvedTheme)
Native/Ambitions/App/AmbitionsRootView.swift:91:    private func shellTabView(theme: AmbitionTheme) -> some View {
Native/Ambitions/App/AmbitionsRootView.swift:92:        TabView(selection: $navigation.selectedTab) {
Native/Ambitions/App/AmbitionsRootView.swift:144:        NavigationStack {
Native/Ambitions/App/AmbitionsRootView.swift:157:        NavigationStack(path: $navigation.goalsPath) {
Native/Ambitions/App/AmbitionsRootView.swift:180:        NavigationStack(path: $navigation.timePath) {
Native/Ambitions/App/AmbitionsRootView.swift:233:        NavigationStack {
Native/Ambitions/App/AmbitionsRootView.swift:247:        NavigationStack(path: $navigation.youPath) {
Native/Ambitions/App/AppShellPresentationMode.swift:75:struct AppMeridianShellChromeState: Equatable {
Native/Ambitions/App/AppShellPresentationMode.swift:94:    static let launchDefault = AppMeridianShellChromeState(
Native/Ambitions/App/AmbitionsApp.swift:3:@main
Native/Ambitions/App/AmbitionsApp.swift:5:struct AmbitionsApp: App {
Native/Ambitions/App/AmbitionsApp.swift:14:        WindowGroup {
Native/Ambitions/App/AmbitionsApp.swift:15:            LaunchGateView(bootstrapper: bootstrapper)
Native/Ambitions/Features/Today/TodayStepDetailSheet.swift:17:        NavigationStack {
Native/Ambitions/App/AppMeridianShell.swift:9:    private let chromeState = AppMeridianShellChromeState.launchDefault
Native/Ambitions/Features/Today/TodayScreen.swift:457:    NavigationStack {
Native/Ambitions/Features/Today/TodayScreen.swift:465:    NavigationStack {
Native/Ambitions/Features/Goals/CreateGoalScreen.swift:595:    NavigationStack {
Native/Ambitions/Features/Goals/CreateGoalScreen.swift:603:    NavigationStack {
Native/Ambitions/Features/Today/TodayRejectionReasonSheet.swift:17:        NavigationStack {
Native/Ambitions/Features/Today/TodayActionClosureSheet.swift:16:        NavigationStack {
Native/Ambitions/Features/Capture/CaptureScreen.swift:850:    NavigationStack {
Native/Ambitions/Features/Capture/CaptureScreen.swift:859:    NavigationStack {
Native/Ambitions/Features/Capture/CaptureScreen.swift:868:    NavigationStack {
Native/Ambitions/Features/Capture/CaptureScreen.swift:877:    NavigationStack {
Native/Ambitions/Features/Capture/CaptureScreen.swift:886:    NavigationStack {
Native/Ambitions/Features/Capture/CaptureScreen.swift:896:    NavigationStack {
Native/Ambitions/Features/Capture/CaptureScreen.swift:905:    NavigationStack {
Native/Ambitions/Features/Capture/CaptureScreen.swift:914:    NavigationStack {
Native/Ambitions/Features/Insights/InsightsScreen.swift:865:    NavigationStack {
Native/Ambitions/Features/Insights/InsightsScreen.swift:874:    NavigationStack {
Native/Ambitions/Features/Insights/InsightsScreen.swift:883:    NavigationStack {
Native/Ambitions/Features/Goals/GoalDetailScreen.swift:1244:    NavigationStack {
Native/Ambitions/Features/Goals/GoalDetailScreen.swift:1258:    NavigationStack {
Native/Ambitions/Features/Goals/GoalDetailScreen.swift:1273:    NavigationStack {
Native/Ambitions/Features/Goals/GoalDetailScreen.swift:1288:    NavigationStack {
Native/Ambitions/Features/Goals/GoalDetailScreen.swift:1303:    NavigationStack {
Native/Ambitions/Features/Goals/GoalDetailScreen.swift:1318:    NavigationStack {
Native/Ambitions/Features/Goals/GoalsScreen.swift:125:            NavigationStack {
Native/Ambitions/Features/Goals/GoalsScreen.swift:301:    NavigationStack {
Native/Ambitions/Features/Goals/GoalsScreen.swift:309:    NavigationStack {
Native/Ambitions/Features/Goals/GoalsScreen.swift:324:    NavigationStack {
