Sources/Previews/ComponentPreviews.swift:5:    case today = "Today"
Sources/Previews/ComponentPreviews.swift:11:    case today = "Today"
Sources/Previews/ComponentPreviews.swift:12:    case goals = "Goals"
Sources/Previews/ComponentPreviews.swift:13:    case time = "Time"
Native/Ambitions/Services/MemoryLensService.swift:7:    case capture
Native/Ambitions/Services/MemoryLensService.swift:76:    case capturedThought
Sources/Theme/AmbitionsRecipeID.generated.swift:16:    case today_root_reality_meridian = "today_root_reality_meridian"
Sources/Theme/AmbitionsRecipeID.generated.swift:17:    case today_current_context_header = "today_current_context_header"
Sources/Theme/AmbitionsRecipeID.generated.swift:18:    case today_start_here_region = "today_start_here_region"
Sources/Theme/AmbitionsRecipeID.generated.swift:19:    case today_reality_meridian_rail = "today_reality_meridian_rail"
Sources/Theme/AmbitionsRecipeID.generated.swift:20:    case today_recommended_step_object = "today_recommended_step_object"
Sources/Theme/AmbitionsRecipeID.generated.swift:21:    case today_now_next_later_sequence = "today_now_next_later_sequence"
Sources/Theme/AmbitionsRecipeID.generated.swift:22:    case today_upcoming_commitments_region = "today_upcoming_commitments_region"
Sources/Theme/AmbitionsRecipeID.generated.swift:23:    case today_closure_prompt_region = "today_closure_prompt_region"
Sources/Theme/AmbitionsRecipeID.generated.swift:24:    case today_receipt_shelf = "today_receipt_shelf"
Sources/Theme/AmbitionsRecipeID.generated.swift:25:    case today_source_freshness_indicator = "today_source_freshness_indicator"
Sources/Theme/AmbitionsRecipeID.generated.swift:37:    case today_empty_state = "today_empty_state"
Sources/Theme/AmbitionsRecipeID.generated.swift:38:    case today_no_schedule_data_state = "today_no_schedule_data_state"
Sources/Theme/AmbitionsRecipeID.generated.swift:39:    case today_overloaded_state = "today_overloaded_state"
Sources/Theme/AmbitionsRecipeID.generated.swift:40:    case today_recovery_state = "today_recovery_state"
Sources/Theme/AmbitionsRecipeID.generated.swift:41:    case today_vacation_away_state = "today_vacation_away_state"
Sources/Theme/AmbitionsRecipeID.generated.swift:42:    case today_protected_time_state = "today_protected_time_state"
Sources/Theme/AmbitionsRecipeID.generated.swift:43:    case today_stale_recommendation_state = "today_stale_recommendation_state"
Sources/Theme/AmbitionsRecipeID.generated.swift:44:    case goals_root_constellation_atlas = "goals_root_constellation_atlas"
Sources/Theme/AmbitionsRecipeID.generated.swift:45:    case goals_life_area_map = "goals_life_area_map"
Sources/Theme/AmbitionsRecipeID.generated.swift:59:    case goals_empty_state = "goals_empty_state"
Sources/Theme/AmbitionsRecipeID.generated.swift:60:    case goals_review_state = "goals_review_state"
Sources/Theme/AmbitionsRecipeID.generated.swift:61:    case goals_blocked_state = "goals_blocked_state"
Sources/Theme/AmbitionsRecipeID.generated.swift:62:    case goals_archive_historical_goal_state = "goals_archive_historical_goal_state"
Sources/Theme/AmbitionsRecipeID.generated.swift:63:    case capture_root_atmosphere_composer = "capture_root_atmosphere_composer"
Sources/Theme/AmbitionsRecipeID.generated.swift:64:    case capture_idle_composer = "capture_idle_composer"
Sources/Theme/AmbitionsRecipeID.generated.swift:65:    case capture_active_text_entry = "capture_active_text_entry"
Sources/Theme/AmbitionsRecipeID.generated.swift:66:    case capture_dictation_state = "capture_dictation_state"
Sources/Theme/AmbitionsRecipeID.generated.swift:67:    case capture_attachment_proof_picker = "capture_attachment_proof_picker"
Sources/Theme/AmbitionsRecipeID.generated.swift:68:    case capture_post_input_route_reveal = "capture_post_input_route_reveal"
Sources/Theme/AmbitionsRecipeID.generated.swift:69:    case capture_save_as_proof_route = "capture_save_as_proof_route"
Sources/Theme/AmbitionsRecipeID.generated.swift:70:    case capture_make_commitment_route = "capture_make_commitment_route"
Sources/Theme/AmbitionsRecipeID.generated.swift:71:    case capture_grow_into_goal_route = "capture_grow_into_goal_route"
Sources/Theme/AmbitionsRecipeID.generated.swift:72:    case capture_mark_constraint_route = "capture_mark_constraint_route"
Sources/Theme/AmbitionsRecipeID.generated.swift:73:    case capture_reflect_route = "capture_reflect_route"
Sources/Theme/AmbitionsRecipeID.generated.swift:74:    case capture_hold_needs_a_place_route = "capture_hold_needs_a_place_route"
Sources/Theme/AmbitionsRecipeID.generated.swift:75:    case capture_receipt = "capture_receipt"
Sources/Theme/AmbitionsRecipeID.generated.swift:76:    case capture_parse_uncertain_state = "capture_parse_uncertain_state"
Sources/Theme/AmbitionsRecipeID.generated.swift:77:    case capture_offline_local_only_state = "capture_offline_local_only_state"
Sources/Theme/AmbitionsRecipeID.generated.swift:78:    case capture_error_failed_attachment_state = "capture_error_failed_attachment_state"
Sources/Theme/AmbitionsRecipeID.generated.swift:79:    case capture_empty_first_use_state = "capture_empty_first_use_state"
Sources/Theme/AmbitionsRecipeID.generated.swift:80:    case time_root_lifeshape_field = "time_root_lifeshape_field"
Sources/Theme/AmbitionsRecipeID.generated.swift:81:    case time_scope_control = "time_scope_control"
Sources/Theme/AmbitionsRecipeID.generated.swift:100:    case time_receipt_detail = "time_receipt_detail"
Sources/Theme/AmbitionsRecipeID.generated.swift:104:    case time_no_calendar_data_state = "time_no_calendar_data_state"
Sources/Theme/AmbitionsRecipeID.generated.swift:105:    case time_overloaded_state = "time_overloaded_state"
Sources/Theme/AmbitionsRecipeID.generated.swift:106:    case time_protected_block_state = "time_protected_block_state"
Sources/Theme/AmbitionsRecipeID.generated.swift:107:    case time_vacation_away_state = "time_vacation_away_state"
Sources/Theme/AmbitionsRecipeID.generated.swift:108:    case time_stale_source_state = "time_stale_source_state"
Sources/Theme/AmbitionsRecipeID.generated.swift:109:    case you_root_user_system_profile = "you_root_user_system_profile"
Sources/Theme/AmbitionsRecipeID.generated.swift:118:    case capture_preferences = "capture_preferences"
Sources/Theme/AmbitionsRecipeID.generated.swift:125:    case you_empty_first_run_state = "you_empty_first_run_state"
Sources/Theme/AmbitionsRecipeID.generated.swift:126:    case you_trust_warning_state = "you_trust_warning_state"
Sources/Theme/AmbitionsRecipeID.generated.swift:127:    case you_offline_local_only_state = "you_offline_local_only_state"
Sources/Theme/AmbitionsRecipeID.generated.swift:159:    case capture_first_use_prompt = "capture_first_use_prompt"
Sources/Theme/AmbitionsRecipeID.generated.swift:160:    case goals_first_use_prompt = "goals_first_use_prompt"
Sources/Theme/AmbitionsRecipeID.generated.swift:161:    case time_first_use_prompt = "time_first_use_prompt"
Sources/Theme/AmbitionsRecipeID.generated.swift:162:    case today_first_use_state = "today_first_use_state"
Native/Ambitions/PreviewSupport/PreviewAppContainer.swift:16:        let navigation = AppNavigationModel(selectedTab: fixtures.preferences.preferredTab)
Sources/Theme/AmbitionsFrontendAuthority.generated.swift:5:    case capture = "Capture"
Sources/Theme/AmbitionsFrontendAuthority.generated.swift:7:    case goals = "Goals"
Sources/Theme/AmbitionsFrontendAuthority.generated.swift:9:    case time = "Time"
Sources/Theme/AmbitionsFrontendAuthority.generated.swift:10:    case today = "Today"
Sources/Theme/AmbitionsFrontendAuthority.generated.swift:11:    case you = "You"
Sources/Theme/AmbitionTheme.swift:190:        public let activeTabForeground: Color
Sources/Theme/AmbitionTheme.swift:191:        public let activeTabBackground: Color
Sources/Theme/AmbitionTheme.swift:192:        public let inactiveTabForeground: Color
Sources/Theme/AmbitionTheme.swift:963:                activeTabForeground: accent.warm,
Sources/Theme/AmbitionTheme.swift:964:                activeTabBackground: accent.warm.opacity(0.18),
Sources/Theme/AmbitionTheme.swift:965:                inactiveTabForeground: Color(red: 0.72, green: 0.78, blue: 0.84),
Sources/Theme/AmbitionTheme.swift:1007:                activeTabForeground: accent.warm,
Sources/Theme/AmbitionTheme.swift:1008:                activeTabBackground: accent.warm.opacity(0.16),
Sources/Theme/AmbitionTheme.swift:1009:                inactiveTabForeground: Color(red: 0.39, green: 0.45, blue: 0.52),
Sources/Theme/PanelDensitySize.swift:248:    case todayPlan
Sources/Theme/AmbitionsSurfaceID.generated.swift:16:    case today_root_reality_meridian = "today_root_reality_meridian"
Sources/Theme/AmbitionsSurfaceID.generated.swift:17:    case today_current_context_header = "today_current_context_header"
Sources/Theme/AmbitionsSurfaceID.generated.swift:18:    case today_start_here_region = "today_start_here_region"
Sources/Theme/AmbitionsSurfaceID.generated.swift:19:    case today_reality_meridian_rail = "today_reality_meridian_rail"
Sources/Theme/AmbitionsSurfaceID.generated.swift:20:    case today_recommended_step_object = "today_recommended_step_object"
Sources/Theme/AmbitionsSurfaceID.generated.swift:21:    case today_now_next_later_sequence = "today_now_next_later_sequence"
Sources/Theme/AmbitionsSurfaceID.generated.swift:22:    case today_upcoming_commitments_region = "today_upcoming_commitments_region"
Sources/Theme/AmbitionsSurfaceID.generated.swift:23:    case today_closure_prompt_region = "today_closure_prompt_region"
Sources/Theme/AmbitionsSurfaceID.generated.swift:24:    case today_receipt_shelf = "today_receipt_shelf"
Sources/Theme/AmbitionsSurfaceID.generated.swift:25:    case today_source_freshness_indicator = "today_source_freshness_indicator"
Sources/Theme/AmbitionsSurfaceID.generated.swift:37:    case today_empty_state = "today_empty_state"
Sources/Theme/AmbitionsSurfaceID.generated.swift:38:    case today_no_schedule_data_state = "today_no_schedule_data_state"
Sources/Theme/AmbitionsSurfaceID.generated.swift:39:    case today_overloaded_state = "today_overloaded_state"
Sources/Theme/AmbitionsSurfaceID.generated.swift:40:    case today_recovery_state = "today_recovery_state"
Sources/Theme/AmbitionsSurfaceID.generated.swift:41:    case today_vacation_away_state = "today_vacation_away_state"
Sources/Theme/AmbitionsSurfaceID.generated.swift:42:    case today_protected_time_state = "today_protected_time_state"
Sources/Theme/AmbitionsSurfaceID.generated.swift:43:    case today_stale_recommendation_state = "today_stale_recommendation_state"
Sources/Theme/AmbitionsSurfaceID.generated.swift:44:    case goals_root_constellation_atlas = "goals_root_constellation_atlas"
Sources/Theme/AmbitionsSurfaceID.generated.swift:45:    case goals_life_area_map = "goals_life_area_map"
Sources/Theme/AmbitionsSurfaceID.generated.swift:59:    case goals_empty_state = "goals_empty_state"
Sources/Theme/AmbitionsSurfaceID.generated.swift:60:    case goals_review_state = "goals_review_state"
Sources/Theme/AmbitionsSurfaceID.generated.swift:61:    case goals_blocked_state = "goals_blocked_state"
Sources/Theme/AmbitionsSurfaceID.generated.swift:62:    case goals_archive_historical_goal_state = "goals_archive_historical_goal_state"
Sources/Theme/AmbitionsSurfaceID.generated.swift:63:    case capture_root_atmosphere_composer = "capture_root_atmosphere_composer"
Sources/Theme/AmbitionsSurfaceID.generated.swift:64:    case capture_idle_composer = "capture_idle_composer"
Sources/Theme/AmbitionsSurfaceID.generated.swift:65:    case capture_active_text_entry = "capture_active_text_entry"
Sources/Theme/AmbitionsSurfaceID.generated.swift:66:    case capture_dictation_state = "capture_dictation_state"
Sources/Theme/AmbitionsSurfaceID.generated.swift:67:    case capture_attachment_proof_picker = "capture_attachment_proof_picker"
Sources/Theme/AmbitionsSurfaceID.generated.swift:68:    case capture_post_input_route_reveal = "capture_post_input_route_reveal"
Sources/Theme/AmbitionsSurfaceID.generated.swift:69:    case capture_save_as_proof_route = "capture_save_as_proof_route"
Sources/Theme/AmbitionsSurfaceID.generated.swift:70:    case capture_make_commitment_route = "capture_make_commitment_route"
Sources/Theme/AmbitionsSurfaceID.generated.swift:71:    case capture_grow_into_goal_route = "capture_grow_into_goal_route"
Sources/Theme/AmbitionsSurfaceID.generated.swift:72:    case capture_mark_constraint_route = "capture_mark_constraint_route"
Sources/Theme/AmbitionsSurfaceID.generated.swift:73:    case capture_reflect_route = "capture_reflect_route"
Sources/Theme/AmbitionsSurfaceID.generated.swift:74:    case capture_hold_needs_a_place_route = "capture_hold_needs_a_place_route"
Sources/Theme/AmbitionsSurfaceID.generated.swift:75:    case capture_receipt = "capture_receipt"
Sources/Theme/AmbitionsSurfaceID.generated.swift:76:    case capture_parse_uncertain_state = "capture_parse_uncertain_state"
Sources/Theme/AmbitionsSurfaceID.generated.swift:77:    case capture_offline_local_only_state = "capture_offline_local_only_state"
Sources/Theme/AmbitionsSurfaceID.generated.swift:78:    case capture_error_failed_attachment_state = "capture_error_failed_attachment_state"
Sources/Theme/AmbitionsSurfaceID.generated.swift:79:    case capture_empty_first_use_state = "capture_empty_first_use_state"
Sources/Theme/AmbitionsSurfaceID.generated.swift:80:    case time_root_lifeshape_field = "time_root_lifeshape_field"
Sources/Theme/AmbitionsSurfaceID.generated.swift:81:    case time_scope_control = "time_scope_control"
Sources/Theme/AmbitionsSurfaceID.generated.swift:100:    case time_receipt_detail = "time_receipt_detail"
Sources/Theme/AmbitionsSurfaceID.generated.swift:104:    case time_no_calendar_data_state = "time_no_calendar_data_state"
Sources/Theme/AmbitionsSurfaceID.generated.swift:105:    case time_overloaded_state = "time_overloaded_state"
Sources/Theme/AmbitionsSurfaceID.generated.swift:106:    case time_protected_block_state = "time_protected_block_state"
Sources/Theme/AmbitionsSurfaceID.generated.swift:107:    case time_vacation_away_state = "time_vacation_away_state"
Sources/Theme/AmbitionsSurfaceID.generated.swift:108:    case time_stale_source_state = "time_stale_source_state"
Sources/Theme/AmbitionsSurfaceID.generated.swift:109:    case you_root_user_system_profile = "you_root_user_system_profile"
Sources/Theme/AmbitionsSurfaceID.generated.swift:118:    case capture_preferences = "capture_preferences"
Sources/Theme/AmbitionsSurfaceID.generated.swift:125:    case you_empty_first_run_state = "you_empty_first_run_state"
Sources/Theme/AmbitionsSurfaceID.generated.swift:126:    case you_trust_warning_state = "you_trust_warning_state"
Sources/Theme/AmbitionsSurfaceID.generated.swift:127:    case you_offline_local_only_state = "you_offline_local_only_state"
Sources/Theme/AmbitionsSurfaceID.generated.swift:159:    case capture_first_use_prompt = "capture_first_use_prompt"
Sources/Theme/AmbitionsSurfaceID.generated.swift:160:    case goals_first_use_prompt = "goals_first_use_prompt"
Sources/Theme/AmbitionsSurfaceID.generated.swift:161:    case time_first_use_prompt = "time_first_use_prompt"
Sources/Theme/AmbitionsSurfaceID.generated.swift:162:    case today_first_use_state = "today_first_use_state"
Native/Ambitions/PreviewSupport/ShellPreviewMatrix.swift:976:    case motionIndependentMeaning
Native/Ambitions/AppIntents/OpenAmbitionsDestinationIntent.swift:5:    case today
Native/Ambitions/AppIntents/OpenAmbitionsDestinationIntent.swift:6:    case goals
Native/Ambitions/AppIntents/OpenAmbitionsDestinationIntent.swift:7:    case time = "plan"
Native/Ambitions/AppIntents/OpenAmbitionsDestinationIntent.swift:8:    case captureInbox = "captures_inbox"
Native/Ambitions/AppIntents/OpenAmbitionsDestinationIntent.swift:9:    case you
Native/Ambitions/AppIntents/OpenAmbitionsDestinationIntent.swift:366:    case capture
Native/Ambitions/AppIntents/AmbitionsSystemControlIntent.swift:6:    case capture
Native/Ambitions/Persistence/PortableSnapshotContracts.swift:23:    case goalsAndPlans = "goals_and_plans"
Native/Ambitions/Persistence/PortableSnapshotContracts.swift:24:    case captures
Native/Ambitions/Persistence/PortableSnapshotContracts.swift:295:        case goals
Native/Ambitions/Persistence/PortableSnapshotContracts.swift:302:        case captures
Native/Ambitions/Persistence/PortableSnapshotContracts.swift:397:    case capture
Sources/Components/MotionPrimitives.swift:316:    case captureDraft
Sources/Components/MotionPrimitives.swift:547:    case captureComposer
Native/Ambitions/Features/Onboarding/ProgressiveIntelligenceOnboarding.swift:6:    let selectedTab: AppTab
Native/Ambitions/Features/Onboarding/ProgressiveIntelligenceOnboarding.swift:34:                selectedTab: .goals,
Native/Ambitions/Features/Onboarding/ProgressiveIntelligenceOnboarding.swift:42:                selectedTab: .capture,
Native/Ambitions/Features/Onboarding/ProgressiveIntelligenceOnboarding.swift:50:                selectedTab: .today,
Native/Ambitions/Features/Onboarding/ProgressiveIntelligenceOnboarding.swift:70:                TabView(selection: $page) {
Native/Ambitions/Domain/CanonicalNowStateModels.swift:52:    case capture
Sources/Components/TopLevelSurfaceCompositionPrimitives.swift:5:    case today
Sources/Components/TopLevelSurfaceCompositionPrimitives.swift:6:    case goals
Sources/Components/TopLevelSurfaceCompositionPrimitives.swift:7:    case capture
Sources/Components/TopLevelSurfaceCompositionPrimitives.swift:8:    case time
Sources/Components/TopLevelSurfaceCompositionPrimitives.swift:9:    case you
Native/Ambitions/Features/You/YouRootSurface.swift:27:    case capturePreferences
Sources/Components/AccessibilityAdaptiveInterfacePrimitives.swift:59:    case today = "todayRealityMeridian"
Sources/Components/AccessibilityAdaptiveInterfacePrimitives.swift:60:    case goals = "goalsConstellationAtlas"
Sources/Components/AccessibilityAdaptiveInterfacePrimitives.swift:61:    case time = "timeLifeShapeField"
Sources/Components/AccessibilityAdaptiveInterfacePrimitives.swift:62:    case motion = "motionCurrent"
Sources/Components/AccessibilityAdaptiveInterfacePrimitives.swift:63:    case you = "youSystemProfile"
Sources/Components/AccessibilityAdaptiveInterfacePrimitives.swift:64:    case capture = "captureAtmosphereComposer"
Native/Ambitions/Persistence/CloudKitContinuityModels.swift:6:    case capture
Native/Ambitions/Domain/AmbitionsOSAdaptationModels.swift:6:    case timeOfDay = "time_of_day"
Native/Ambitions/Persistence/PersistenceContracts.swift:184:    case captureFirst = "capture_first"
Native/Ambitions/Persistence/PersistenceContracts.swift:294:    case today
Native/Ambitions/Persistence/PersistenceContracts.swift:295:    case goals
Native/Ambitions/Persistence/PersistenceContracts.swift:296:    case capture
Native/Ambitions/Persistence/PersistenceContracts.swift:297:    case time
Native/Ambitions/Persistence/PersistenceContracts.swift:298:    case you
Sources/Components/ProductMeaningCanvasEngine.swift:40:    case goalsRelationship
Sources/Components/ProductMeaningCanvasEngine.swift:41:    case timePressure
Sources/Components/ProductMeaningCanvasEngine.swift:42:    case motionProofThread
Sources/Components/RichPanelPrimitives.swift:13:    case capture
Sources/Components/RichPanelPrimitives.swift:137:    case timeline
Sources/Components/RichPanelPrimitives.swift:142:    case capture
Native/Ambitions/Domain/CorrectionFoldModels.swift:6:    case captureRoute = "capture_route"
Native/Ambitions/Domain/CorrectionFoldModels.swift:9:    case timeFitDecision = "time_fit_decision"
Native/Ambitions/Domain/LifeGraphEventLogModels.swift:14:    case timeCapacity = "time_capacity"
Native/Ambitions/Domain/LifeGraphEventLogModels.swift:255:    case goals
Native/Ambitions/Domain/LifeGraphEventLogModels.swift:257:    case you
Sources/Components/AmbitionsExtendedTactileKit.swift:20:                    .fill(theme.shell.activeTabForeground)
Sources/Components/AmbitionsExtendedTactileKit.swift:26:        .background(Capsule().fill(theme.shell.activeTabBackground))
Sources/Components/AmbitionsExtendedTactileKit.swift:158:                    .stroke(theme.shell.activeTabForeground, lineWidth: 4)
Sources/Components/AmbitionsExtendedTactileKit.swift:220:                .stroke(theme.shell.activeTabForeground.opacity(0.24), lineWidth: 6)
Sources/Components/AmbitionsExtendedTactileKit.swift:225:                        colors: [theme.shell.activeTabForeground, theme.semanticColors.trust, theme.shell.activeTabForeground],
Sources/Components/AmbitionsExtendedTactileKit.swift:309:        .foregroundStyle(theme.shell.activeTabForeground)
Sources/Components/AmbitionsExtendedTactileKit.swift:310:        .background(Capsule().fill(theme.shell.activeTabBackground))
Sources/Components/NavigationPrimitives.swift:5:    case today
Sources/Components/NavigationPrimitives.swift:6:    case goals
Sources/Components/NavigationPrimitives.swift:7:    case time
Sources/Components/NavigationPrimitives.swift:8:    case motion
Sources/Components/NavigationPrimitives.swift:9:    case you
Sources/Components/NavigationPrimitives.swift:93:                .foregroundStyle(isSelected ? theme.shell.activeTabForeground : theme.shell.inactiveTabForeground)
Sources/Components/NavigationPrimitives.swift:101:                        chromeShape.fill(isSelected ? theme.shell.activeTabBackground : .clear)
Sources/Components/ControlPrimitives.swift:180:    case time
Sources/Components/ControlPrimitives.swift:185:    case capture
Sources/Components/ShellChromePrimitives.swift:163:            .foregroundStyle(theme.shell.activeTabForeground)
Sources/Components/ShellChromePrimitives.swift:168:            .background(Capsule().fill(theme.shell.activeTabBackground))
Sources/Components/ShellChromePrimitives.swift:169:            .overlay(Capsule().stroke(theme.shell.activeTabForeground.opacity(0.34), lineWidth: 1))
Sources/Components/ShellChromePrimitives.swift:260:                    .foregroundStyle(theme.shell.activeTabForeground)
Sources/Components/ShellChromePrimitives.swift:377:                    .foregroundStyle(lane == selected ? theme.shell.activeTabForeground : theme.shell.inactiveTabForeground)
Sources/Components/ShellChromePrimitives.swift:382:                    .background(Capsule().fill(lane == selected ? theme.shell.activeTabBackground : theme.shell.controlBackground))
Sources/Components/ShellChromePrimitives.swift:383:                    .overlay(Capsule().stroke(lane == selected ? theme.shell.activeTabForeground.opacity(0.34) : theme.shell.divider, lineWidth: 1))
Sources/Components/DynamicAdaptiveVisualPrimitives.swift:5:    case today
Sources/Components/DynamicAdaptiveVisualPrimitives.swift:6:    case goals
Sources/Components/DynamicAdaptiveVisualPrimitives.swift:7:    case capture
Sources/Components/DynamicAdaptiveVisualPrimitives.swift:9:    case you
Native/Ambitions/Domain/PlanInsertionCandidate.swift:20:    case timeItemProposed = "time_item_proposed"
Native/Ambitions/Domain/PlanInsertionCandidate.swift:21:    case timeChangeRecommended = "time_change_recommended"
Native/Ambitions/Support/CoreSurfaceIntegrationScenarios.swift:4:    case today = "Today"
Native/Ambitions/Support/CoreSurfaceIntegrationScenarios.swift:5:    case goals = "Goals"
Native/Ambitions/Support/CoreSurfaceIntegrationScenarios.swift:6:    case capture = "Capture"
Native/Ambitions/Support/CoreSurfaceIntegrationScenarios.swift:8:    case you = "You"
Native/Ambitions/Support/CoreSurfaceIntegrationScenarios.swift:15:    case capture = "Capture"
Native/Ambitions/Support/CoreSurfaceIntegrationScenarios.swift:18:    case today = "Today / next action"
Native/Ambitions/Domain/ScreenContractModels.swift:4:    case today
Native/Ambitions/Domain/ScreenContractModels.swift:5:    case goals
Native/Ambitions/Domain/ScreenContractModels.swift:7:    case capture
Native/Ambitions/Domain/ScreenContractModels.swift:9:    case you
Native/Ambitions/Domain/ScreenContractModels.swift:68:    case capture
Native/Ambitions/Domain/ScreenContractModels.swift:90:    case timeline
Native/Ambitions/Domain/ScreenContractModels.swift:91:    case todayPlan
Native/Ambitions/Support/ReleasePerformanceResponsivenessReport.swift:6:    case todayLoad = "Today load"
Native/Ambitions/Support/ReleasePerformanceResponsivenessReport.swift:42:    case today
Native/Ambitions/Support/ReleasePerformanceResponsivenessReport.swift:43:    case goals
Native/Ambitions/Support/ReleasePerformanceResponsivenessReport.swift:44:    case capture
Native/Ambitions/Support/ReleasePerformanceResponsivenessReport.swift:45:    case time
Native/Ambitions/Support/ReleasePerformanceResponsivenessReport.swift:46:    case you
Native/Ambitions/Domain/AmbitionsOSLocalLanguageModels.swift:6:    case captureParse = "capture_parse"
Native/Ambitions/Domain/OneStepGoalModels.swift:19:    case today
Native/Ambitions/Domain/OneStepGoalModels.swift:64:    case capture
Native/Ambitions/Domain/OneStepGoalModels.swift:96:    case today
Native/Ambitions/Domain/RealityModels.swift:25:    case captureSeed = "capture_seed"
Native/Ambitions/Domain/CommitmentWaitingModels.swift:45:    case timeWindow = "time_window"
Native/Ambitions/Domain/AmbitionsOSExperienceModels.swift:8:    case captureComposer = "capture_composer"
Native/Ambitions/Domain/AmbitionsOSExperienceModels.swift:39:    case todayFullPathDepth = "today_full_path_depth"
Native/Ambitions/Domain/EventLedgerModels.swift:26:    case captureCreated = "capture_created"
Native/Ambitions/Domain/EventLedgerModels.swift:27:    case captureTriaged = "capture_triaged"
Native/Ambitions/Domain/EventLedgerModels.swift:28:    case captureAttachedToGoal = "capture_attached_to_goal"
Native/Ambitions/Domain/EventLedgerModels.swift:29:    case captureArchived = "capture_archived"
Native/Ambitions/Domain/EventLedgerModels.swift:55:    case today
Native/Ambitions/Domain/EventLedgerModels.swift:56:    case goals
Native/Ambitions/Domain/EventLedgerModels.swift:57:    case capture
Native/Ambitions/Domain/EventLedgerModels.swift:59:    case you
Native/Ambitions/Domain/EventLedgerModels.swift:90:    case capture
Native/Ambitions/Support/ReleasePrivacyProtectedStorageReport.swift:4:    case today = "Today"
Native/Ambitions/Support/ReleasePrivacyProtectedStorageReport.swift:5:    case goals = "Goals"
Native/Ambitions/Support/ReleasePrivacyProtectedStorageReport.swift:6:    case capture = "Capture"
Native/Ambitions/Support/ReleasePrivacyProtectedStorageReport.swift:7:    case time = "Time"
Native/Ambitions/Support/ReleasePrivacyProtectedStorageReport.swift:8:    case you = "You"
Native/Ambitions/Domain/LifeGraphDeltaReviewModels.swift:6:    case today
Native/Ambitions/Domain/LifeGraphDeltaReviewModels.swift:7:    case goals
Native/Ambitions/Domain/LifeGraphDeltaReviewModels.swift:8:    case capture
Native/Ambitions/Domain/LifeGraphDeltaReviewModels.swift:10:    case you
Native/Ambitions/ExternalSnapshots/ExternalSurfaceSnapshotContracts.swift:185:    case today
Native/Ambitions/ExternalSnapshots/ExternalSurfaceSnapshotContracts.swift:190:    case todayPressure = "today_pressure"
Native/Ambitions/ExternalSnapshots/ExternalSurfaceSnapshotContracts.swift:192:    case captureEntry = "capture_entry"
Native/Ambitions/ExternalSnapshots/ExternalSurfaceSnapshotContracts.swift:387:    case today
Native/Ambitions/Domain/ActionClosureReceiptModels.swift:65:    case today
Native/Ambitions/Domain/ActionClosureReceiptModels.swift:66:    case goals
Native/Ambitions/Domain/ActionClosureReceiptModels.swift:67:    case capture
Native/Ambitions/Domain/ActionClosureReceiptModels.swift:68:    case time
Native/Ambitions/Domain/ActionClosureReceiptModels.swift:69:    case you
Native/Ambitions/Domain/ActionClosureReceiptModels.swift:149:    case timelineStillOnTrack = "timeline_still_on_track"
Native/Ambitions/ExternalSnapshots/ExternalSurfaceActionPayloads.swift:38:    case captureInbox = "captures-inbox"
Native/Ambitions/ExternalSnapshots/ExternalSurfaceActionPayloads.swift:154:    case today
Native/Ambitions/ExternalSnapshots/ExternalSurfaceActionPayloads.swift:155:    case goals
Native/Ambitions/ExternalSnapshots/ExternalSurfaceActionPayloads.swift:156:    case capture
Native/Ambitions/ExternalSnapshots/ExternalSurfaceActionPayloads.swift:157:    case time
Native/Ambitions/ExternalSnapshots/ExternalSurfaceActionPayloads.swift:158:    case you
Native/Ambitions/ExternalSnapshots/ExternalSurfaceActionPayloads.swift:180:    case capture
Native/Ambitions/Domain/GoalEngine/GoalTeachingModels.swift:39:    case timeline = "timeline"
Native/Ambitions/Domain/GoalEngine/GoalTeachingModels.swift:161:    case timelinePosture(GoalUnderstandingTimelinePosture)
Native/Ambitions/Domain/GoalEngine/GoalTeachingModels.swift:170:        case timelinePosture
Native/Ambitions/Domain/GoalEngine/GoalTeachingModels.swift:177:        case timelinePosture
Native/Ambitions/Domain/AmbitionGraphProjectionStore.swift:6:    case today
Native/Ambitions/Domain/AmbitionGraphProjectionStore.swift:7:    case goals
Native/Ambitions/Domain/AmbitionGraphProjectionStore.swift:8:    case capture
Native/Ambitions/Domain/AmbitionGraphProjectionStore.swift:9:    case time
Native/Ambitions/Domain/AmbitionGraphProjectionStore.swift:10:    case you
Native/Ambitions/ExternalSnapshots/ExternalSurfaceControlContracts.swift:5:    case capture = "capture"
Native/Ambitions/Features/Today/DayRailViewState.swift:31:    case captureContext
Native/Ambitions/ExternalSnapshots/ExternalCreationContracts.swift:21:    case captureInbox = "captures_inbox"
Native/Ambitions/Domain/GoalEngine/GoalUnderstandingModels.swift:92:    case timeHorizon = "time_horizon"
Native/Ambitions/Domain/GoalEngine/GoalUnderstandingModels.swift:112:    case timeline
Native/Ambitions/Domain/GoalEngine/GoalUnderstandingModels.swift:127:    case timeline
Native/Ambitions/App/AppTab.swift:6:    case today
Native/Ambitions/App/AppTab.swift:7:    case goals
Native/Ambitions/App/AppTab.swift:8:    case time
Native/Ambitions/App/AppTab.swift:9:    case motion
Native/Ambitions/App/AppTab.swift:10:    case you
Native/Ambitions/App/AppTab.swift:11:    case capture
Native/Ambitions/App/AppTab.swift:208:    static func navigationSeed(forRawTab rawValue: String) -> (selectedTab: AppTab, timeRoute: TimeRouteTarget?, youRoute: YouRouteTarget?)? {
Native/Ambitions/Domain/GoalEngine/GoalPathCompilerModels.swift:23:    case timeline
Native/Ambitions/App/ShellCommandModels.swift:193:    case goalsCreate
Native/Ambitions/App/ShellCommandModels.swift:194:    case todayQuickCapture
Native/Ambitions/App/ShellCommandModels.swift:195:    case goalsQuickCapture
Native/Ambitions/App/ShellCommandModels.swift:196:    case timeQuickCapture
Native/Ambitions/App/ShellCommandModels.swift:197:    case motionQuickCapture
Native/Ambitions/App/ShellCommandModels.swift:198:    case youQuickCapture
Native/Ambitions/App/ShellCommandModels.swift:199:    case capturesScreen
Native/Ambitions/App/ShellCommandModels.swift:264:    case time
Native/Ambitions/App/ShellCommandModels.swift:415:    case timeRoute(TimeRouteTarget)
Native/Ambitions/App/ShellCommandModels.swift:416:    case youRoute(YouRouteTarget)
Native/Ambitions/Features/Today/TodayExecutionViewState.swift:12:    case capture
Native/Ambitions/Features/Today/TodayExecutionViewState.swift:13:    case time
Native/Ambitions/Features/Today/TodayExecutionViewState.swift:14:    case todayTime
Native/Ambitions/Domain/GoalEngine/GoalClarificationModels.swift:6:    case timeline
Native/Ambitions/App/AmbitionsRootView.swift:36:            shellTabView(theme: resolvedTheme)
Native/Ambitions/App/AmbitionsRootView.swift:91:    private func shellTabView(theme: AmbitionTheme) -> some View {
Native/Ambitions/App/AmbitionsRootView.swift:92:        TabView(selection: $navigation.selectedTab) {
Native/Ambitions/App/AmbitionsRootView.swift:113:        .tint(theme.shell.activeTabForeground)
Native/Ambitions/App/AmbitionsRootView.swift:431:            navigation.selectTab(decision.selectedTab)
Native/Ambitions/App/AmbitionsRootView.swift:456:        let selectedColor = UIColor(theme.shell.activeTabForeground)
Native/Ambitions/App/AmbitionsRootView.swift:457:        let inactiveColor = UIColor(theme.shell.inactiveTabForeground)
Native/Ambitions/Domain/AmbitionsCommandModels.swift:40:    case today
Native/Ambitions/Domain/AmbitionsCommandModels.swift:41:    case goals
Native/Ambitions/Domain/AmbitionsCommandModels.swift:42:    case capture
Native/Ambitions/Domain/AmbitionsCommandModels.swift:43:    case time
Native/Ambitions/Domain/AmbitionsCommandModels.swift:44:    case you
Native/Ambitions/Domain/AmbitionsCommandModels.swift:62:    case today
Native/Ambitions/Domain/AmbitionsCommandModels.swift:63:    case goals
Native/Ambitions/Domain/AmbitionsCommandModels.swift:64:    case capture
Native/Ambitions/Domain/AmbitionsCommandModels.swift:65:    case time
Native/Ambitions/Domain/AmbitionsCommandModels.swift:66:    case you
Native/Ambitions/Domain/AmbitionsCommandModels.swift:69:    case captureInbox = "captures_inbox"
Native/Ambitions/Domain/GoalEngine/PathIntelligenceModels.swift:32:    case today
Native/Ambitions/App/AppContainerFactory.swift:66:        let navigation = AppNavigationModel(selectedTab: session.initialTab)
Native/Ambitions/Domain/GoalEngine/GoalEngineContracts.swift:125:    case timeInvested = "time_invested"
Native/Ambitions/Domain/GoalEngine/GoalEngineContracts.swift:195:    case timeHorizon = "time_horizon"
Native/Ambitions/Domain/GoalEngine/GoalEngineContracts.swift:214:    case timedExecution = "timed_execution"
Native/Ambitions/App/AppNavigation.swift:30:    case captureInbox
Native/Ambitions/App/AppNavigation.swift:54:    var selectedTab: AppTab
Native/Ambitions/App/AppNavigation.swift:71:    init(selectedTab: AppTab) {
Native/Ambitions/App/AppNavigation.swift:72:        self.selectedTab = selectedTab.canonicalTopLevelTab
Native/Ambitions/App/AppNavigation.swift:89:            self.init(selectedTab: .today)
Native/Ambitions/App/AppNavigation.swift:92:        self.init(selectedTab: seed.selectedTab)
Native/Ambitions/App/AppNavigation.swift:103:        selectedTab = tab.canonicalTopLevelTab
Native/Ambitions/App/AppNavigation.swift:104:        if selectedTab != .today {
Native/Ambitions/App/AppNavigation.swift:110:        let tab = selectedTab
Native/Ambitions/App/AppNavigation.swift:130:        selectedTab = .today
Native/Ambitions/App/AppNavigation.swift:137:        selectedTab = .goals
Native/Ambitions/App/AppNavigation.swift:160:        selectedTab = .time
Native/Ambitions/App/AppNavigation.swift:170:        selectedTab = .you
Native/Ambitions/App/AppNavigation.swift:242:        if selectedTab == .capture {
Native/Ambitions/App/AppNavigation.swift:243:            selectedTab = .today
Native/Ambitions/Domain/CaptureRuntimeReceipt.swift:7:    case captureExtracted = "capture_extracted"
Native/Ambitions/Domain/CaptureRuntimeReceipt.swift:8:    case captureNeedsClarification = "capture_needs_clarification"
Native/Ambitions/Domain/CaptureRuntimeReceipt.swift:9:    case captureMatchedGoal = "capture_matched_goal"
Native/Ambitions/Domain/CaptureRuntimeReceipt.swift:10:    case captureWeakMatchRejected = "capture_weak_match_rejected"
Native/Ambitions/Domain/CaptureRuntimeReceipt.swift:11:    case captureSavedAsFutureContext = "capture_saved_as_future_context"
Native/Ambitions/Domain/CaptureRuntimeReceipt.swift:12:    case captureProposedForTime = "capture_proposed_for_time"
Native/Ambitions/Domain/CaptureRuntimeReceipt.swift:13:    case captureAddedToTime = "capture_added_to_time"
Native/Ambitions/Domain/CaptureRuntimeReceipt.swift:14:    case captureAttachedToGoal = "capture_attached_to_goal"
Native/Ambitions/Domain/CaptureRuntimeReceipt.swift:15:    case captureSavedAsProof = "capture_saved_as_proof"
Native/Ambitions/Domain/CaptureRuntimeReceipt.swift:16:    case captureRuntimeUsePaused = "capture_runtime_use_paused"
Native/Ambitions/Domain/CaptureRuntimeReceipt.swift:17:    case captureCorrectionApplied = "capture_correction_applied"
Native/Ambitions/Domain/CaptureRuntimeReceipt.swift:18:    case captureReplayGenerated = "capture_replay_generated"
Native/Ambitions/App/AppMeridianShell.swift:7:    let selectedTab: AppTab
Native/Ambitions/App/AppMeridianShell.swift:67:        let isSelected = destination.tab == selectedTab
Native/Ambitions/App/AppMeridianShell.swift:94:            .foregroundStyle(isSelected ? theme.shell.activeTabForeground : theme.shell.inactiveTabForeground.opacity(0.86))
Native/Ambitions/App/AppMeridianShell.swift:136:    @State private var selectedTab: AppTab = .today
Native/Ambitions/App/AppMeridianShell.swift:149:                    selectedTab: selectedTab
Native/Ambitions/App/AppMeridianShell.swift:151:                    selectedTab = tab
Native/Ambitions/Domain/GoalEngine/GoalIntentCompilerModels.swift:17:    case capture
Native/Ambitions/Domain/GoalEngine/GoalIntentCompilerModels.swift:18:    case goals
Native/Ambitions/Domain/GoalEngine/GoalIntentCompilerModels.swift:19:    case time
Native/Ambitions/Domain/GoalEngine/GoalIntentCompilerModels.swift:20:    case today
Native/Ambitions/Domain/GoalEngine/GoalIntentCompilerModels.swift:21:    case you
Native/Ambitions/Domain/GoalEngine/GoalIntentCompilerModels.swift:47:    case timeline
Native/Ambitions/Domain/PersonalizationFactorLedgerModels.swift:34:    case timeOfDayFit = "time_of_day_fit"
Native/Ambitions/Domain/AmbitionsOSControlPlaneModels.swift:6:    case today
Native/Ambitions/Domain/AmbitionsOSControlPlaneModels.swift:7:    case goals
Native/Ambitions/Domain/AmbitionsOSControlPlaneModels.swift:8:    case capture
Native/Ambitions/Domain/AmbitionsOSControlPlaneModels.swift:10:    case you
Native/Ambitions/Domain/AmbitionsOSVerticalSliceProofModels.swift:6:    case captureMutationMismatch = "capture_mutation_mismatch"
Native/Ambitions/Domain/RecommendationExplanationModels.swift:30:    case captureState = "capture_state"
Native/Ambitions/Domain/RecommendationExplanationModels.swift:104:    case today
Native/Ambitions/Domain/RecommendationExplanationModels.swift:105:    case goals
Native/Ambitions/Domain/RecommendationExplanationModels.swift:106:    case capture
Native/Ambitions/Domain/RecommendationExplanationModels.swift:108:    case you
Native/Ambitions/Domain/YouModels.swift:385:    case capture
Native/Ambitions/Domain/GoalBelievabilityModels.swift:42:    case captureCommitment = "capture_commitment"
Native/Ambitions/Domain/EntityRevisionTombstoneModels.swift:11:    case capture
Native/Ambitions/Domain/ProjectStepOperationModels.swift:328:    case timelineAdjusted = "timeline_adjusted"
Native/Ambitions/Domain/SmartAttachmentModels.swift:62:    case timeRequiresAMPM = "time_requires_am_pm"
Native/Ambitions/Features/Shared/ActivationContract.swift:24:    case today
Native/Ambitions/Features/Shared/ActivationContract.swift:25:    case goals
Native/Ambitions/Features/Shared/ActivationContract.swift:26:    case capture
Native/Ambitions/Features/Shared/ActivationContract.swift:28:    case you
Native/Ambitions/Domain/LifeGraphModels.swift:326:    case capture
Native/Ambitions/Domain/LifeGraphModels.swift:350:    case goals
Native/Ambitions/Domain/LifeGraphModels.swift:352:    case capture
Native/Ambitions/Domain/LifeGraphModels.swift:353:    case time
Native/Ambitions/Domain/LifeGraphModels.swift:354:    case today
Native/Ambitions/Domain/LifeGraphModels.swift:355:    case you
Native/Ambitions/Domain/LifeContextModels.swift:43:    case timezone
Native/Ambitions/Features/Today/TodayScreen.swift:114:        .onChange(of: shell.navigation.selectedTab) { _, selectedTab in
Native/Ambitions/Features/Today/TodayScreen.swift:115:            guard autoLoad, selectedTab == .today else { return }
Native/Ambitions/Features/Today/TodayScreen.swift:119:            guard autoLoad, shell.navigation.selectedTab == .today, entryContext != .standard else { return }
Native/Ambitions/Features/Shared/DegradedStateOrchestrator.swift:18:    case today
Native/Ambitions/Features/Shared/DegradedStateOrchestrator.swift:19:    case goals
Native/Ambitions/Features/Shared/DegradedStateOrchestrator.swift:23:    case captures
Native/Ambitions/Features/Shared/DegradedStateOrchestrator.swift:103:    case capturePlacementShelf
Native/Ambitions/Domain/CaptureModels.swift:4:    case todayQuickCapture = "today_quick_capture"
Native/Ambitions/Domain/CaptureModels.swift:80:    case timeSeed = "time_seed"
Native/Ambitions/Domain/CaptureModels.swift:554:    case captureInbox = "capture_inbox"
Native/Ambitions/Domain/CaptureModels.swift:555:    case timeSeed = "time_seed"
Native/AmbitionsTests/Today/CommandSearchObviousnessGauntletTests.swift:36:                    let navigation = AppNavigationModel(selectedTab: .today)
Native/AmbitionsTests/Today/CommandSearchObviousnessGauntletTests.swift:66:        let navigation = AppNavigationModel(selectedTab: .time)
Native/AmbitionsTests/App/AppContainerFactoryTests.swift:102:        XCTAssertEqual(container.shell.navigation.selectedTab, container.navigation.selectedTab)
Native/AmbitionsTests/Domain/IOS26CalendarP0ContractHarnessTests.swift:299:    case today
Native/AmbitionsTests/Domain/IOS26CalendarP0ContractHarnessTests.swift:307:    case todayConsumption = "today-consumption"
Native/Ambitions/Features/Capture/CaptureScreen.swift:5:    case timeSupport
Native/Ambitions/Features/Capture/CaptureScreen.swift:717:    case captureAnything
Native/AmbitionsTests/App/ExternalRoutingTests.swift:45:                let navigation = AppNavigationModel(selectedTab: .today)
Native/AmbitionsTests/App/ExternalRoutingTests.swift:50:                XCTAssertEqual(navigation.selectedTab, tab, "Mode \(mode.rawValue) should dispatch \(tab.rawValue)")
Native/AmbitionsTests/App/ExternalRoutingTests.swift:59:        let navigation = AppNavigationModel(selectedTab: .today)
Native/AmbitionsTests/App/ExternalRoutingTests.swift:76:            let habitsNavigation = AppNavigationModel(selectedTab: .today)
Native/AmbitionsTests/App/ExternalRoutingTests.swift:78:            XCTAssertEqual(habitsNavigation.selectedTab, .time, "Mode \(mode.rawValue) should keep habits under Time")
Native/AmbitionsTests/App/ExternalRoutingTests.swift:81:            let insightsNavigation = AppNavigationModel(selectedTab: .today)
Native/AmbitionsTests/App/ExternalRoutingTests.swift:83:            XCTAssertEqual(insightsNavigation.selectedTab, .you, "Mode \(mode.rawValue) should keep insights under You")
Native/AmbitionsTests/App/ExternalRoutingTests.swift:520:        let navigation = AppNavigationModel(selectedTab: .today)
Native/AmbitionsTests/App/ExternalRoutingTests.swift:525:        XCTAssertEqual(navigation.selectedTab, .goals)
Native/AmbitionsTests/App/ExternalRoutingTests.swift:539:        XCTAssertEqual(navigation.selectedTab, .you)
Native/AmbitionsTests/App/ExternalRoutingTests.swift:551:        let navigation = AppNavigationModel(selectedTab: .today)
Native/AmbitionsTests/App/ExternalRoutingTests.swift:555:        XCTAssertEqual(navigation.selectedTab, .today)
Native/AmbitionsTests/App/ExternalRoutingTests.swift:562:        XCTAssertEqual(navigation.selectedTab, .time)
Native/AmbitionsTests/App/ExternalRoutingTests.swift:568:        let navigation = AppNavigationModel(selectedTab: .today)
Native/AmbitionsTests/App/ExternalRoutingTests.swift:573:        XCTAssertEqual(navigation.selectedTab, .you)
Native/AmbitionsTests/App/ExternalRoutingTests.swift:580:        let navigation = AppNavigationModel(selectedTab: .today)
Native/AmbitionsTests/App/ExternalRoutingTests.swift:585:        XCTAssertEqual(navigation.selectedTab, .you)
Native/AmbitionsTests/App/ExternalRoutingTests.swift:594:        XCTAssertEqual(navigation.selectedTab, .you)
Native/AmbitionsTests/App/ExternalRoutingTests.swift:601:        let navigation = AppNavigationModel(selectedTab: .time)
Native/AmbitionsTests/App/ExternalRoutingTests.swift:607:        XCTAssertEqual(navigation.selectedTab, .today)
Native/AmbitionsTests/App/ExternalRoutingTests.swift:614:        let navigation = AppNavigationModel(selectedTab: .today)
Native/AmbitionsTests/App/OnboardingAndDegradedStateTests.swift:86:        XCTAssertEqual(decision.selectedTab, .goals)
Native/AmbitionsTests/App/OnboardingAndDegradedStateTests.swift:94:        XCTAssertEqual(decision.selectedTab, .capture)
Native/AmbitionsTests/App/ShellCommandRouterTests.swift:7:        let navigation = AppNavigationModel(selectedTab: .today)
Native/AmbitionsTests/App/ShellCommandRouterTests.swift:25:        XCTAssertEqual(navigation.selectedTab, .today)
Native/AmbitionsTests/App/ShellCommandRouterTests.swift:36:        let navigation = AppNavigationModel(selectedTab: .time)
Native/AmbitionsTests/App/ShellCommandRouterTests.swift:41:        XCTAssertEqual(navigation.selectedTab, .time)
Native/AmbitionsTests/App/ShellCommandRouterTests.swift:49:        let navigation = AppNavigationModel(selectedTab: .goals)
Native/AmbitionsTests/App/ShellCommandRouterTests.swift:54:        XCTAssertEqual(navigation.selectedTab, .goals)
Native/AmbitionsTests/App/ShellCommandRouterTests.swift:62:        let navigation = AppNavigationModel(selectedTab: .today)
Native/AmbitionsTests/App/ShellCommandRouterTests.swift:80:        let navigation = AppNavigationModel(selectedTab: .time)
Native/AmbitionsTests/App/ShellCommandRouterTests.swift:85:        XCTAssertEqual(navigation.selectedTab, .goals)
Native/AmbitionsTests/App/ShellCommandRouterTests.swift:91:        let navigation = AppNavigationModel(selectedTab: .today)
Native/AmbitionsTests/App/ShellCommandRouterTests.swift:102:        let navigation = AppNavigationModel(selectedTab: .time)
Native/AmbitionsTests/App/ShellCommandRouterTests.swift:115:        XCTAssertEqual(navigation.selectedTab, .today)
Native/AmbitionsTests/App/ShellCommandRouterTests.swift:122:        let navigation = AppNavigationModel(selectedTab: .time)
Native/AmbitionsTests/App/AppShellNavigationTests.swift:198:            let navigation = AppNavigationModel(selectedTab: .today)
Native/AmbitionsTests/App/AppShellNavigationTests.swift:203:            XCTAssertEqual(navigation.selectedTab, destination.tab)
Native/AmbitionsTests/App/AppShellNavigationTests.swift:213:        let navigation = AppNavigationModel(selectedTab: .goals)
Native/AmbitionsTests/App/AppShellNavigationTests.swift:230:        XCTAssertEqual(navigation.selectedTab, .goals)
Native/AmbitionsTests/App/AppShellNavigationTests.swift:236:        let navigation = AppNavigationModel(selectedTab: .capture)
Native/AmbitionsTests/App/AppShellNavigationTests.swift:238:        XCTAssertEqual(navigation.selectedTab, .today)
Native/AmbitionsTests/App/AppShellNavigationTests.swift:248:        XCTAssertEqual(navigation.selectedTab, .today)
Native/AmbitionsTests/App/AppShellNavigationTests.swift:256:        let navigation = AppNavigationModel(selectedTab: .time)
Native/AmbitionsTests/App/AppShellNavigationTests.swift:260:        XCTAssertEqual(navigation.selectedTab, .time)
Native/AmbitionsTests/App/AppShellNavigationTests.swift:271:        let navigation = AppNavigationModel(selectedTab: .today)
Native/AmbitionsTests/App/AppShellNavigationTests.swift:275:        XCTAssertEqual(navigation.selectedTab, .today)
Native/AmbitionsTests/App/AppShellNavigationTests.swift:286:        XCTAssertEqual(navigation.selectedTab, .time)
Native/AmbitionsTests/App/AppShellNavigationTests.swift:293:        let navigation = AppNavigationModel(selectedTab: .today)
Native/AmbitionsTests/App/AppShellNavigationTests.swift:297:        XCTAssertEqual(navigation.selectedTab, .time)
Native/AmbitionsTests/App/AppShellNavigationTests.swift:311:        XCTAssertEqual(navigation.selectedTab, .you)
Native/AmbitionsTests/App/AppShellNavigationTests.swift:320:        let navigation = AppNavigationModel(selectedTab: .today)
Native/AmbitionsTests/App/AppShellNavigationTests.swift:324:        XCTAssertEqual(navigation.selectedTab, .you)
Native/AmbitionsTests/App/AppShellNavigationTests.swift:336:        XCTAssertEqual(navigation.selectedTab, .motion)
Native/AmbitionsTests/App/AppShellNavigationTests.swift:344:        let navigation = AppNavigationModel(selectedTab: .today)
Native/AmbitionsTests/App/AppShellNavigationTests.swift:351:        XCTAssertEqual(navigation.selectedTab, .today)
Native/AmbitionsTests/App/AppShellNavigationTests.swift:356:        let navigation = AppNavigationModel(selectedTab: .today)
Native/AmbitionsTests/App/AppShellNavigationTests.swift:367:        XCTAssertEqual(navigation.selectedTab, .today)
Native/AmbitionsTests/App/AppShellNavigationTests.swift:383:            let navigation = AppNavigationModel(selectedTab: tab)
Native/AmbitionsTests/App/AppShellNavigationTests.swift:387:            XCTAssertEqual(navigation.selectedTab, tab)
Native/AmbitionsTests/App/AppShellNavigationTests.swift:415:        let navigation = AppNavigationModel(selectedTab: .motion)
Native/AmbitionsTests/App/AppShellNavigationTests.swift:520:        let navigation = AppNavigationModel(selectedTab: .time)
Native/AmbitionsTests/App/AppShellNavigationTests.swift:525:        XCTAssertEqual(navigation.selectedTab, .time)
Native/AmbitionsTests/App/AppShellNavigationTests.swift:530:        XCTAssertEqual(navigation.selectedTab, .time)
Native/AmbitionsTests/App/AppShellNavigationTests.swift:536:        let navigation = AppNavigationModel(selectedTab: .goals)
Native/AmbitionsTests/App/AppShellNavigationTests.swift:546:        let navigation = AppNavigationModel(selectedTab: .time)
Native/AmbitionsTests/App/AppShellNavigationTests.swift:550:        XCTAssertEqual(navigation.selectedTab, .today)
Native/AmbitionsTests/App/AppShellNavigationTests.swift:610:        XCTAssertEqual(container.navigation.selectedTab, .goals)
Native/AmbitionsTests/App/AppShellNavigationTests.swift:623:        XCTAssertEqual(container.navigation.selectedTab, .goals)
Native/AmbitionsTests/App/AppShellNavigationTests.swift:636:        XCTAssertEqual(container.navigation.selectedTab, .goals)
Native/AmbitionsTests/App/AppShellNavigationTests.swift:649:        XCTAssertEqual(container.navigation.selectedTab, .goals)
